
IMA Automated Framework Summary Report
==========================================================================================================================================
Build Type:       production
Server Release:   MGPROD @ 20200921-1919
Proxy Release:    MGPROD @ 20200921-1919
Client Release:   MGPROD @ 20200921-1919
Test Release:     MGPROD @ 20200921-1919
Test Group:       bvt
Total Time:       00:28:58

Total Results:    Passed:    20   Failed:     0   Success: 100.00%
                   

Platform Results:
-------------------
CCI_CENTOS_DOCKER:    Passed:    20   Failed:     0   Success: 100.00%

Individual Results:
-------------------
JMS:                  Passed:    10   Failed:     0   Success: 100.00%
MQTT:                 Passed:    10   Failed:     0   Success: 100.00%

==========================================================================================================================================
================================================== Summary of Individual Test Runs =======================================================
==========================================================================================================================================
ismClient           A1AFbvtCOD10a A2AFbvtCOD10b M1AFbvt10                                           Passed: 20    Failed: 0
