
IMA Automated Framework Summary Report
==========================================================================================================================================
Build Type:       development
Server Release:   IMADev @ 20210108-1538
Proxy Release:    IMADev @ 20210108-1538
Client Release:   IMADev @ 20210108-1538
Test Release:     IMADev @ 20210108-1538
Test Group:       bvt
Total Time:       00:24:17

Total Results:    Passed:    20   Failed:     0   Success: 100.00%
                   

Platform Results:
-------------------
CCI_CENTOS_DOCKER:    Passed:    20   Failed:     0   Success: 100.00%

Individual Results:
-------------------
JMS:                  Passed:    10   Failed:     0   Success: 100.00%
MQTT:                 Passed:    10   Failed:     0   Success: 100.00%

==========================================================================================================================================
================================================== Summary of Individual Test Runs =======================================================
==========================================================================================================================================
ismClient           A1TF7bvtCOD10a A2TF7bvtCOD10b M1TF7bvt10                                        Passed: 20    Failed: 0

IMA Automated Framework Summary Report
==========================================================================================================================================
Build Type:       development
Server Release:   IMADev @ 20210128-1720
Proxy Release:    IMADev @ 20210128-1720
Client Release:   IMADev @ 20210128-1720
Test Release:     IMADev @ 20210128-1720
Test Group:       bvt
Total Time:       00:24:20

Total Results:    Passed:    20   Failed:     0   Success: 100.00%
                   

Platform Results:
-------------------
CCI_CENTOS_DOCKER:    Passed:    20   Failed:     0   Success: 100.00%

Individual Results:
-------------------
JMS:                  Passed:    10   Failed:     0   Success: 100.00%
MQTT:                 Passed:    10   Failed:     0   Success: 100.00%

==========================================================================================================================================
================================================== Summary of Individual Test Runs =======================================================
==========================================================================================================================================
ismClient           A1TF7bvtCOD10a A2TF7bvtCOD10b M1TF7bvt10                                        Passed: 20    Failed: 0

IMA Automated Framework Summary Report
==========================================================================================================================================
Build Type:       development
Server Release:   IMADev @ 20210128-1842
Proxy Release:    IMADev @ 20210128-1842
Client Release:   IMADev @ 20210128-1842
Test Release:     IMADev @ 20210128-1842
Test Group:       bvt
Total Time:       00:24:56

Total Results:    Passed:    20   Failed:     0   Success: 100.00%
                   

Platform Results:
-------------------
CCI_CENTOS_DOCKER:    Passed:    20   Failed:     0   Success: 100.00%

Individual Results:
-------------------
JMS:                  Passed:    10   Failed:     0   Success: 100.00%
MQTT:                 Passed:    10   Failed:     0   Success: 100.00%

==========================================================================================================================================
================================================== Summary of Individual Test Runs =======================================================
==========================================================================================================================================
ismClient           A1TF7bvtCOD10a A2TF7bvtCOD10b M1TF7bvt10                                        Passed: 20    Failed: 0
