
IMA Automated Framework Summary Report
==========================================================================================================================================
Build Type:       personal
Server Release:   IMA15a @ 20160601-0718
Proxy Release:    IMA15a @ 20160601-0718
Client Release:   IMA15a @ 20160601-0718
Test Release:     IMA15a @ 20160601-0718
Test Group:       bvt_be194
Total Time:       00:37:22

Total Results:    Passed:    22   Failed:     0   Success: 100.00%
                   

Platform Results:
-------------------
CCI_CENTOS_DOCKER:    Passed:    22   Failed:     0   Success: 100.00%

Individual Results:
-------------------
JMS:                  Passed:    12   Failed:     0   Success: 100.00%
MQTT:                 Passed:     9   Failed:     0   Success: 100.00%
WS:                   Passed:     1   Failed:     0   Success: 100.00%

==========================================================================================================================================
================================================== Summary of Individual Test Runs =======================================================
==========================================================================================================================================
ismClient           A1AFbvtCOD05a A2AFbvtCOD05b M1AFbvt05                                           Passed: 22    Failed: 0
