
IMA Automated Framework Summary Report
==========================================================================================================================================
Build Type:       personal
Server Release:   IMADev @ 20200511-1510
Proxy Release:    IMADev @ 20200511-1510
Client Release:   IMADev @ 20200511-1510
Test Release:     IMADev @ 20200511-1510
Test Group:       bvt_be034
Total Time:       00:41:37

Total Results:    Passed:     2   Failed:    11   Success:  15.38%
                  (RC!=0 for some tests, check individual results for details)

Platform Results:
-------------------
CCI_CENTOS_DOCKER:    Passed:     2   Failed:    11   Success:  15.38%

Individual Results:
-------------------
JMS:                  Passed:     0   Failed:     4   Success:   0.00%
MQTT:                 Passed:     2   Failed:     7   Success:  22.22%

==========================================================================================================================================
=========================================== Summary of Failures by Number of Occurrences =================================================
==========================================================================================================================================
 1  createCluster - create cluster IMACLUSTER with 2 members
 1  Simple tests to verify Basic Cluster functionality : 10.47.65.74 A1:Server may not be running. service/status returned RC=7
 1  Simple tests to verify Basic Cluster functionality : 10.47.65.74 A1:Issued DOCKER start and service/status returned RC=7.
 1  MQTT BVT via WSTestDriver: 10.47.65.74 A1:Server may not be running. service/status returned RC=7
 1  MQTT BVT via WSTestDriver: 10.47.65.74 A1:Issued DOCKER start and service/status returned RC=7.
 1  JMS Message Delivery BVT - 00: 10.47.65.74 A1:Server may not be running. service/status returned RC=7
 1  JMS Message Delivery BVT - 00: 10.47.65.74 A1:Issued DOCKER start and service/status returned RC=7.
 1  JMS Durable Subscription BVT - 00: 10.47.65.74 A1:Server may not be running. service/status returned RC=7
 1  JMS Durable Subscription BVT - 00: 10.47.65.74 A1:Issued DOCKER start and service/status returned RC=7.
 1  ClusterSetup - 00: ism-clusterCTT_Setup_Core - A core file was found on A1 after running ism-clusterCTT_Setup.
 1  ClusterSetup - 00: Server stopped running during execution.

==========================================================================================================================================
================================================== Summary of Individual Test Runs =======================================================
==========================================================================================================================================
ismClient           A1AFbvtCOD09a A2AFbvtCOD09b M1AFbvt09                                           Passed: 2     Failed: 11
  "IBMjava80_cluster_tests" FAILED:
      FAILED: Scenario 2 - createCluster - create cluster IMACLUSTER with 2 members
      FAILED: runScenarios - ClusterSetup - 00: Server stopped running during execution.
      FAILED: runScenarios - ClusterSetup - 00: ism-clusterCTT_Setup_Core - A core file was found on A1 after running ism-clusterCTT_Setup.
      FAILED: runScenarios -  Simple tests to verify Basic Cluster functionality : 10.47.65.74 A1:Server may not be running. service/status returned RC=7
      FAILED: runScenarios -  Simple tests to verify Basic Cluster functionality : 10.47.65.74 A1:Issued DOCKER start and service/status returned RC=7.
  "IBMjava80_jms_td_tests" FAILED:
      FAILED: runScenarios - JMS Durable Subscription BVT - 00: 10.47.65.74 A1:Server may not be running. service/status returned RC=7
      FAILED: runScenarios - JMS Durable Subscription BVT - 00: 10.47.65.74 A1:Issued DOCKER start and service/status returned RC=7.
      FAILED: runScenarios - JMS Message Delivery BVT - 00: 10.47.65.74 A1:Server may not be running. service/status returned RC=7
      FAILED: runScenarios - JMS Message Delivery BVT - 00: 10.47.65.74 A1:Issued DOCKER start and service/status returned RC=7.
  "IBMjava80_mqtt_td_tests" FAILED:
      FAILED: runScenarios - MQTT BVT via WSTestDriver: 10.47.65.74 A1:Server may not be running. service/status returned RC=7
      FAILED: runScenarios - MQTT BVT via WSTestDriver: 10.47.65.74 A1:Issued DOCKER start and service/status returned RC=7.

(RC!=0 for some tests, check individual results for details)
