
IMA Automated Framework Summary Report
==========================================================================================================================================
Build Type:       personal
Server Release:   IMA15a @ 20170519-1552
Proxy Release:    IMA15a @ 20170519-1552
Client Release:   IMA15a @ 20170519-1552
Test Release:     IMA15a @ 20170519-1552
Test Group:       bvt_be207
Total Time:       00:51:35

Total Results:    Passed:    22   Failed:     0   Success: 100.00%
                   

Platform Results:
-------------------
CCI_CENTOS_DOCKER:    Passed:    22   Failed:     0   Success: 100.00%

Individual Results:
-------------------
JMS:                  Passed:    12   Failed:     0   Success: 100.00%
MQTT:                 Passed:     9   Failed:     0   Success: 100.00%
WS:                   Passed:     1   Failed:     0   Success: 100.00%

==========================================================================================================================================
================================================== Summary of Individual Test Runs =======================================================
==========================================================================================================================================
ismClient           A1AFbvtCOD07a A2AFbvtCOD07b M1AFbvt07                                           Passed: 22    Failed: 0
