
IMA Automated Framework Summary Report
==========================================================================================================================================
Build Type:       personal
Server Release:   IMA15a @ 20150918-0440
Proxy Release:    IMA15a @ 20150918-0440
Client Release:   IMA15a @ 20150918-0440
Test Release:     IMA15a @ 20150918-0440
Test Group:       bvt_be18
Total Time:       00:36:05

Total Results:    Passed:     0   Failed:    14   Success:   0.00%
                  (RC!=0 for some tests, check individual results for details)

Platform Results:
-------------------
DOCKER:           Passed:     0   Failed:    14   Success:   0.00%

Individual Results:
-------------------
JMS:              Passed:     0   Failed:     6   Success:   0.00%
MQTT:             Passed:     0   Failed:     6   Success:   0.00%
WS:               Passed:     0   Failed:     2   Success:   0.00%

==========================================================================================================================================
=========================================== Summary of Failures by Number of Occurrences =================================================
==========================================================================================================================================
 1  jsclient_pubsub_b: 173.193.66.93 imaserver docker start returned error.
 1  jsclient_pubsub_b: 173.193.66.93 imaserver Docker container may not be running.
 1  Simple tests to verify Basic Cluster functionality : 173.193.66.93 imaserver docker start returned error.
 1  Simple tests to verify Basic Cluster functionality : 173.193.66.93 imaserver Docker container may not be running.
 1  MQTT BVT via WSTestDriver: 173.193.66.93 imaserver docker start returned error.
 1  MQTT BVT via WSTestDriver: 173.193.66.93 imaserver Docker container may not be running.
 1  JMS Queues - 00: 173.193.66.93 imaserver docker start returned error.
 1  JMS Queues - 00: 173.193.66.93 imaserver Docker container may not be running.
 1  JMS Message Delivery BVT - 00: 173.193.66.93 imaserver docker start returned error.
 1  JMS Message Delivery BVT - 00: 173.193.66.93 imaserver Docker container may not be running.
 1  JMS Durable Subscription BVT - 00: 173.193.66.93 imaserver docker start returned error.
 1  JMS Durable Subscription BVT - 00: 173.193.66.93 imaserver Docker container may not be running.
 1  ClusterSetup - 00: 173.193.66.93 imaserver docker start returned error.
 1  ClusterSetup - 00: 173.193.66.93 imaserver Docker container may not be running.

==========================================================================================================================================
================================================== Summary of Individual Test Runs =======================================================
==========================================================================================================================================
ismClient           A1AFbvtCOD01 A2AFbvtRHD01 M1AFbvt01                                             Passed: 0     Failed: 14
  "IBMjava71_cluster_tests" FAILED:
      FAILED: runScenarios - ClusterSetup - 00: 173.193.66.93 imaserver Docker container may not be running.
      FAILED: runScenarios - ClusterSetup - 00: 173.193.66.93 imaserver docker start returned error.
      FAILED: runScenarios - Simple tests to verify Basic Cluster functionality : 173.193.66.93 imaserver Docker container may not be running.
      FAILED: runScenarios - Simple tests to verify Basic Cluster functionality : 173.193.66.93 imaserver docker start returned error.
  "IBMjava71_jms_td_tests" FAILED:
      FAILED: runScenarios - JMS Durable Subscription BVT - 00: 173.193.66.93 imaserver Docker container may not be running.
      FAILED: runScenarios - JMS Durable Subscription BVT - 00: 173.193.66.93 imaserver docker start returned error.
      FAILED: runScenarios - JMS Queues - 00: 173.193.66.93 imaserver Docker container may not be running.
      FAILED: runScenarios - JMS Queues - 00: 173.193.66.93 imaserver docker start returned error.
      FAILED: runScenarios - JMS Message Delivery BVT - 00: 173.193.66.93 imaserver Docker container may not be running.
      FAILED: runScenarios - JMS Message Delivery BVT - 00: 173.193.66.93 imaserver docker start returned error.
  "IBMjava71_mqtt_td_tests" FAILED:
      FAILED: runScenarios - MQTT BVT via WSTestDriver: 173.193.66.93 imaserver Docker container may not be running.
      FAILED: runScenarios - MQTT BVT via WSTestDriver: 173.193.66.93 imaserver docker start returned error.
  "IBMjava71_ws_mqtt_js_tests" FAILED:
      FAILED: runScenarios - jsclient_pubsub_b: 173.193.66.93 imaserver Docker container may not be running.
      FAILED: runScenarios - jsclient_pubsub_b: 173.193.66.93 imaserver docker start returned error.

(RC!=0 for some tests, check individual results for details)
