
IMA Automated Framework Summary Report
==========================================================================================================================================
Build Type:       personal
Server Release:   IMADev @ 20191106-1542
Proxy Release:    IMADev @ 20191106-1542
Client Release:   IMADev @ 20191106-1542
Test Release:     IMADev @ 20191106-1542
Test Group:       bvt_be033
Total Time:       00:43:20

Total Results:    Passed:    20   Failed:     0   Success: 100.00%
                   

Platform Results:
-------------------
CCI_CENTOS_DOCKER:    Passed:    20   Failed:     0   Success: 100.00%

Individual Results:
-------------------
JMS:                  Passed:    10   Failed:     0   Success: 100.00%
MQTT:                 Passed:    10   Failed:     0   Success: 100.00%

==========================================================================================================================================
================================================== Summary of Individual Test Runs =======================================================
==========================================================================================================================================
ismClient           A1AFbvtCOD08a A2AFbvtCOD08b M1AFbvt08                                           Passed: 20    Failed: 0
