
IMA Automated Framework Summary Report
==========================================================================================================================================
Build Type:       development
Server Release:   IMADev @ 20201217-1850
Proxy Release:    IMADev @ 20201217-1850
Client Release:   IMADev @ 20201217-1850
Test Release:     IMADev @ 20201217-1850
Test Group:       fvt_default
Total Time:       05:39:22

Total Results:    Passed:  1390   Failed:    63   Success:  95.66%
                  (RC!=0 for some tests, check individual results for details)

Platform Results:
-------------------
CCI_CENTOS_DOCKER:    Passed:   660   Failed:    14   Success:  97.92%
CCI_CENTOS_RPM:       Passed:   730   Failed:    49   Success:  93.71%

Individual Results:
-------------------
JMS:                  Passed:   209   Failed:    15   Success:  93.30%
JMS_MQTT:             Passed:    12   Failed:     2   Success:  85.71%
MQTT:                 Passed:   383   Failed:    29   Success:  92.96%
WS:                   Passed:    67   Failed:     2   Success:  97.10%
CLI:                  Passed:     7   Failed:     0   Success: 100.00%
PROXY:                Passed:   296   Failed:     5   Success:  98.34%
MQ_CONN:              Passed:     5   Failed:     0   Success: 100.00%
HA:                   Passed:   137   Failed:     2   Success:  98.56%
CLUSTER:              Passed:   214   Failed:     5   Success:  97.72%

==========================================================================================================================================
=========================================== Summary of Failures by Number of Occurrences =================================================
==========================================================================================================================================
 2  bridgePx.MaxFWDTopics - Test Max Forwarder Topics Bridge   bridge_tests/proxy/ism-Bridge-Proxy01.sh
 1  testproxy_tls03_MqttsEpStore - Test ability to connect to Proxy TLS port [ testproxy_tls03_MqttsEpStore.xml ]
 1  testproxy_sharedMix_09 - MQTTv5 New Retained Messages behavior - shared durable should not receive RMs when create sub or on reconnect.
 1  testproxy_mqttv5connect01 - Test MQTT/WebSocket connect to an IP address and port  +mqttv5_connect+/+ism-proxy_td-mqttv5_connect-01.sh
 1  testproxy_mqttV5_gvt03 - Test ability to connect with GVT characters in user/password [ testproxy_mqttV5_gvt03.xml ]
 1  testplugin_subscribe14 - Test MQTT/WebSocket subscribe to long topic (<32767 characters)
 1  testplugin_subscribe01 - Test MQTT/WebSocket subscribe to *#*
 1  testmqtt_ltpaMail02 - LTPA Connect Fail mail UserIdMap
 1  testmqtt_ltpaMail - LTPA Connect mail UserIdMap
 1  testmqtt_ltpa04_notls - LTPA Connect with modified/bad ltpa token and TLSEnable=False
 1  testmqtt_ltpa04 - LTPA Connect with modified/bad ltpa token
 1  testmqtt_ltpa03f - LTPA Connect with indirect group authorization and FIPS
 1  testmqtt_ltpa03 - LTPA Connect with indirect group authorization
 1  testmqtt_ltpa02f - LTPA Connect with group authorization and FIPS
 1  testmqtt_ltpa02 - LTPA Connect with group authorization
 1  testmqtt_ltpa01fa - LTPA Connect with user authorization and FIPS, specify enabledCipherSuites
 1  testmqtt_ltpa01f - LTPA Connect with user authorization and FIPS
 1  testmqtt_ltpa01_notls - LTPA Connect with user authorization
 1  testmqtt_ltpa01 - LTPA Connect with user authorization
 1  testmqtt_gvt06 - Test ability to connect with GVT characters E3 in user/password [ testmqtt_gvt06.xml ]
 1  testmqtt_gvt03 - Test ability to connect with GVT characters in user/password [ testmqtt_gvt03.xml ]
 1  testmqtt_gvt02 - Test ability to connect over an SSL connection [ testmqtt_gvt02.xml ]
 1  testmqtt_gvt01 - Test ability use GVT characters in topic and ClientID [ testmqtt_gvt01.xml ]
 1  testmqtt_clusterCLI_006b - Control address ipv4 messaging address ipv6. pub to 1 rcv on 2
 1  testmqtt_clusterCLI_006a - Control address ipv4 messaging address ipv6. pub to 2 rcv on 1
 1  testmqtt_clusterCLI_005b - Control address ipv6 Messaging address ipv4. pub to 1 rcv on 2
 1  testmqtt_clusterCLI_005a - Control address ipv6 Messaging address ipv4. pub to 2 rcv on 1
 1  testmqtt_activeClientSet -  ClientSet - Multi Client Delete, Durable Subscriptions, Active MQTT connections,
 1  testmqtt_NDS_03_MixedQoS - Non-Durable Shared Subscription at QoS=1&2, Busy test with lots of Subscribes and Unsubscribes
 1  testmqtt_HA05 - Test admin objects are properly rolled over [ testmqtt_HA05.xml ]
 1  ssl/testmqtt_ssl09b - Test MQTT/WebSocket CommonName usage in ClientID on ConnectionPolicy with asterisk character
 1  ssl/testmqtt_ssl09a - Test MQTT/WebSocket CommonName usage in ClientID on ConnectionPolicy with asterisk character
 1  ssl/testmqtt_ssl08 - Test MQTT/WebSocket CommonName usage in ClientID on ConnectionPolicy with asterisk character
 1  ssl/testmqtt_ssl07 - Test MQTT/WebSocket CommonName usage
 1  ssl/testmqtt_ssl06 - Test MQTT/WebSocket CommonName usage
 1  ssl/testmqtt_ssl05 - Test MQTT/WebSocket CommonName usage
 1  mqtt_testMixedProtocol_01 - Durable Shared Subscription, Busy test with lots of Subscribers coming going, both JMS/MQTT subscribers
 1  mqttV5_subOptions_RetainAsPub_share - Test MQTTv5 Subscribe Options RetainAsPublish on
 1  mqtt HAScenarios03: Server stopped running during execution.
 1  jsclient_gvt_3_b - GVT: userName and password test
 1  jsclient_gvt_2_b - GVT: Topic name test
 1  jms_trans_014Q -IPv6 Transactions test 14 - Server crash test with Asynchronous Producer sending to a Queue
 1  jms_ssl_022 - Test update on MessagingPolicy command (IPv6)
 1  jms_ssl_021 - Test Client Address Ranges in ConnectionPolicy (IPv6)
 1  jms_ssl_004 - Test messaging policies (IPv6)
 1  jms_queues_014d - Ipv6 Test 14 - JMS Queues (silly) AyncTransactionSend & Sync Producers and Multi (two each) Sync & Async Consumers on different processes
 1  jms_queues_014c - IPv6 Test 14 - JMS Queues (silly) AsyncTransactionSend & Sync Producer, Async & Sync Multi Consumer threaded
 1  jms_queues_014b - IPv6 Test 14 - JMS Queues silly AsyncTransactionSend Producer, Multi Consumer
 1  jms_queues_014 - IPv6 Test 14 - JMS Queues silly AsyncTransactionSend Producer
 1  jms_oauth_010_truststore - Test 10 - OAuth Test 10 with TrustStore set
 1  jms_msgdelivery_020_slowConsumer - IPv6 Two consumers(one fast, one slow), auto_ack.
 1  jms_msgdelivery_015 - IPv6: Complex Message Selection test. Four producers, seven consumers.  (Two host)
 1  jms_mqtt_001 JMS to MQTT - Test 1 with Unicode Topic Name and RETAINED. [ jms_mqtt_001.xml ]
 1  jms_TemporaryTopicTest2 Sample - JMS TemporaryTopicTest 16384 100 using IPv6 Address
 1  deleteAllRetained0 - Delete any RETAINed messages, error if any exist
 1  bridge.SimpleA1EventStreams - Test Simple Pub-Fwd-Recv through Bridge  bridge_tests/plain/ism-Bridge-Plain01.sh
 1  TopicListenerTestCfg3 Sample - TopicListenerTestCfg 128 100 T3 10 10 using IPv6 Address
 1  TopicListenerTest1 Sample - TopicListenerTest 128 5000 T1 using IPv6 Address
 1  SimpleTPubSubTest1 Sample - SimpleTPubSubTest 2 pairs using IPv6 Address
 1  MqttXrscadaTest15 - SDP_PROTOCOL_PACKED
 1  JmsToMqttListenerTest1 Sample - JmsToMqttListenerTest 10000 using IPv6 Address
 1  Clear any retained messages before running JMS Wildcard tests [ mqtt_clearRetained.xml ]

==========================================================================================================================================
================================================== Summary of Individual Test Runs =======================================================
==========================================================================================================================================
ismClient           A1TF7cciCOR02d A2TF7cciCOR03d M1TF7fvt07d M2TF7fvt08d                           Passed: 47    Failed: 1
  "CLSTSM_cluster_tests" FAILED:
      FAILED: Scenario 5 - testmqtt_activeClientSet -  ClientSet - Multi Client Delete, Durable Subscriptions, Active MQTT connections, 

ismClient           A1TF7cciCOD02d A2TF7cciCOD03d M1TF7fvt05d M2TF7fvt06d                           Passed: 137   Failed: 2
  "HA_mqtt_td_tests" FAILED:
      FAILED: Scenario 1 - testmqtt_HA05 - Test admin objects are properly rolled over [ testmqtt_HA05.xml ]
      FAILED: runScenarios - mqtt HAScenarios03: Server stopped running during execution.

ismClient           A1TF7cciCOD01d A2TF7cciCOD09d A3TF7cciCOD10d A4TF7cciCOD11d M1TF7fvt01d M2TF7fvt02d B1TF7bridge01d B2TF7bridge02d P1TF7proxy01d P2TF7proxy02d Passed: 356   Failed: 8
  "BRIDGE_bridge_tests" FAILED:
      FAILED: Scenario 5 - bridgePx.MaxFWDTopics - Test Max Forwarder Topics Bridge   bridge_tests/proxy/ism-Bridge-Proxy01.sh
  "BRIDGE_bridge_tests" FAILED:
      FAILED: Scenario 5 - bridgePx.MaxFWDTopics - Test Max Forwarder Topics Bridge   bridge_tests/proxy/ism-Bridge-Proxy01.sh
      FAILED: Scenario 1 - bridge.SimpleA1EventStreams - Test Simple Pub-Fwd-Recv through Bridge  bridge_tests/plain/ism-Bridge-Plain01.sh
  "proxy_tests" FAILED:
      FAILED: Scenario 1 - MqttXrscadaTest15 - SDP_PROTOCOL_PACKED
      FAILED: Scenario 3 - testproxy_tls03_MqttsEpStore - Test ability to connect to Proxy TLS port [ testproxy_tls03_MqttsEpStore.xml ]
      FAILED: Scenario 20 - testproxy_mqttV5_gvt03 - Test ability to connect with GVT characters in user/password [ testproxy_mqttV5_gvt03.xml ]
      FAILED: Scenario 2 - testproxy_mqttv5connect01 - Test MQTT/WebSocket connect to an IP address and port  +mqttv5_connect+/+ism-proxy_td-mqttv5_connect-01.sh
      FAILED: Scenario 14 - testproxy_sharedMix_09 - MQTTv5 New Retained Messages behavior - shared durable should not receive RMs when create sub or on reconnect.

ismClient           A1TF7cciCOD04d A2TF7cciCOD05d A3TF7cciCOD06d A4TF7cciCOD07d A5TF7cciCOD08d M1TF7fvt09d M2TF7fvt10d Passed: 167   Failed: 4
  "CLSTLG_cluster_tests" FAILED:
      FAILED: Scenario 17 - testmqtt_clusterCLI_005a - Control address ipv6 Messaging address ipv4. pub to 2 rcv on 1
      FAILED: Scenario 18 - testmqtt_clusterCLI_005b - Control address ipv6 Messaging address ipv4. pub to 1 rcv on 2
      FAILED: Scenario 21 - testmqtt_clusterCLI_006a - Control address ipv4 messaging address ipv6. pub to 2 rcv on 1
      FAILED: Scenario 22 - testmqtt_clusterCLI_006b - Control address ipv4 messaging address ipv6. pub to 1 rcv on 2

ismClient           A1TF7cciCOR01d M1TF7fvt03d M2TF7fvt04d P1TF7proxy03d                            Passed: 683   Failed: 48
  "IBMjava80_jms_SamplesTest" FAILED:
      FAILED: Scenario 0 - TopicListenerTest1 Sample - TopicListenerTest 128 5000 T1 using IPv6 Address
      FAILED: Scenario 2 - TopicListenerTestCfg3 Sample - TopicListenerTestCfg 128 100 T3 10 10 using IPv6 Address
      FAILED: Scenario 1 - jms_TemporaryTopicTest2 Sample - JMS TemporaryTopicTest 16384 100 using IPv6 Address
      FAILED: Scenario 1 - SimpleTPubSubTest1 Sample - SimpleTPubSubTest 2 pairs using IPv6 Address
  "IBMjava80_jms_td_tests" FAILED:
      FAILED: Scenario 11 - jms_msgdelivery_015 - IPv6: Complex Message Selection test. Four producers, seven consumers.  (Two host)
      FAILED: Scenario 18 - jms_msgdelivery_020_slowConsumer - IPv6 Two consumers(one fast, one slow), auto_ack. 
      FAILED: Scenario 28 - jms_queues_014 - IPv6 Test 14 - JMS Queues silly AsyncTransactionSend Producer
      FAILED: Scenario 29 - jms_queues_014b - IPv6 Test 14 - JMS Queues silly AsyncTransactionSend Producer, Multi Consumer
      FAILED: Scenario 30 - jms_queues_014c - IPv6 Test 14 - JMS Queues (silly) AsyncTransactionSend & Sync Producer, Async & Sync Multi Consumer threaded
      FAILED: Scenario 31 - jms_queues_014d - Ipv6 Test 14 - JMS Queues (silly) AyncTransactionSend & Sync Producers and Multi (two each) Sync & Async Consumers on different processes
      FAILED: Scenario 23 - jms_trans_014Q -IPv6 Transactions test 14 - Server crash test with Asynchronous Producer sending to a Queue
      FAILED: Scenario 4 - jms_ssl_004 - Test messaging policies (IPv6)
      FAILED: Scenario 19 - jms_ssl_021 - Test Client Address Ranges in ConnectionPolicy (IPv6) 
      FAILED: Scenario 20 - jms_ssl_022 - Test update on MessagingPolicy command (IPv6) 
      FAILED: Scenario 18 - jms_oauth_010_truststore - Test 10 - OAuth Test 10 with TrustStore set
  "IBMjava80_mqtt_SamplesTest" FAILED:
      FAILED: Scenario 1 - JmsToMqttListenerTest1 Sample - JmsToMqttListenerTest 10000 using IPv6 Address
  "IBMjava80_mqtt_td_tests" FAILED:
      FAILED: Scenario 1 - testmqtt_gvt01 - Test ability use GVT characters in topic and ClientID [ testmqtt_gvt01.xml ]
      FAILED: Scenario 2 - testmqtt_gvt03 - Test ability to connect with GVT characters in user/password [ testmqtt_gvt03.xml ]
      FAILED: Scenario 4 - testmqtt_gvt06 - Test ability to connect with GVT characters E3 in user/password [ testmqtt_gvt06.xml ]
      FAILED: Scenario 5 - testmqtt_gvt02 - Test ability to connect over an SSL connection [ testmqtt_gvt02.xml ]
      FAILED: Scenario 17 - testmqtt_NDS_03_MixedQoS - Non-Durable Shared Subscription at QoS=1&2, Busy test with lots of Subscribes and Unsubscribes 
      FAILED: Scenario 21 - mqtt_testMixedProtocol_01 - Durable Shared Subscription, Busy test with lots of Subscribers coming going, both JMS/MQTT subscribers 
      FAILED: Scenario 1 - testmqtt_ltpa01 - LTPA Connect with user authorization
      FAILED: Scenario 2 - testmqtt_ltpa02 - LTPA Connect with group authorization
      FAILED: Scenario 3 - testmqtt_ltpa03 - LTPA Connect with indirect group authorization
      FAILED: Scenario 5 - testmqtt_ltpaMail - LTPA Connect mail UserIdMap
      FAILED: Scenario 6 - testmqtt_ltpaMail02 - LTPA Connect Fail mail UserIdMap
      FAILED: Scenario 8 - testmqtt_ltpa04 - LTPA Connect with modified/bad ltpa token
      FAILED: Scenario 9 - testmqtt_ltpa01_notls - LTPA Connect with user authorization
      FAILED: Scenario 10 - testmqtt_ltpa04_notls - LTPA Connect with modified/bad ltpa token and TLSEnable=False
      FAILED: Scenario 12 - testmqtt_ltpa01fa - LTPA Connect with user authorization and FIPS, specify enabledCipherSuites
      FAILED: Scenario 13 - testmqtt_ltpa01f - LTPA Connect with user authorization and FIPS
      FAILED: Scenario 14 - testmqtt_ltpa02f - LTPA Connect with group authorization and FIPS
      FAILED: Scenario 15 - testmqtt_ltpa03f - LTPA Connect with indirect group authorization and FIPS
      FAILED: Scenario 2 - ssl/testmqtt_ssl05 - Test MQTT/WebSocket CommonName usage
      FAILED: Scenario 3 - ssl/testmqtt_ssl06 - Test MQTT/WebSocket CommonName usage
      FAILED: Scenario 4 - ssl/testmqtt_ssl07 - Test MQTT/WebSocket CommonName usage
      FAILED: Scenario 5 - ssl/testmqtt_ssl08 - Test MQTT/WebSocket CommonName usage in ClientID on ConnectionPolicy with asterisk character
      FAILED: Scenario 6 - ssl/testmqtt_ssl09a - Test MQTT/WebSocket CommonName usage in ClientID on ConnectionPolicy with asterisk character
      FAILED: Scenario 7 - ssl/testmqtt_ssl09b - Test MQTT/WebSocket CommonName usage in ClientID on ConnectionPolicy with asterisk character
      FAILED: Scenario 0 - deleteAllRetained0 - Delete any RETAINed messages, error if any exist
      FAILED: Scenario 20 - mqttV5_subOptions_RetainAsPub_share - Test MQTTv5 Subscribe Options RetainAsPublish on 
  "IBMjava80_jms_mqtt_td_tests" FAILED:
      FAILED: Scenario 0 - jms_mqtt_001 JMS to MQTT - Test 1 with Unicode Topic Name and RETAINED. [ jms_mqtt_001.xml ]
      FAILED: Scenario 12 - Clear any retained messages before running JMS Wildcard tests [ mqtt_clearRetained.xml ]
  "plugin_tests" FAILED:
      FAILED: Scenario 0 - testplugin_subscribe01 - Test MQTT/WebSocket subscribe to *#*
      FAILED: Scenario 12 - testplugin_subscribe14 - Test MQTT/WebSocket subscribe to long topic (<32767 characters)
  "ws_mqtt_js_tests" FAILED:
      FAILED: Scenario 2 - jsclient_gvt_2_b - GVT: Topic name test
      FAILED: Scenario 3 - jsclient_gvt_3_b - GVT: userName and password test
  "cli_tests" FAILED:
0
  "MQConnectivity_tests" FAILED:
0

(RC!=0 for some tests, check individual results for details)

IMA Automated Framework Summary Report
==========================================================================================================================================
Build Type:       development
Server Release:   IMADev @ 20210108-1538
Proxy Release:    IMADev @ 20210108-1538
Client Release:   IMADev @ 20210108-1538
Test Release:     IMADev @ 20210108-1538
Test Group:       fvt_default
Total Time:       06:16:13

Total Results:    Passed:  1508   Failed:   109   Success:  93.26%
                   

Platform Results:
-------------------
CCI_CENTOS_DOCKER:    Passed:   665   Failed:     9   Success:  98.66%
CCI_CENTOS_RPM:       Passed:   843   Failed:   100   Success:  89.40%

Individual Results:
-------------------
JMS:                  Passed:   223   Failed:     1   Success:  99.55%
JMS_MQTT:             Passed:    12   Failed:     2   Success:  85.71%
MQTT:                 Passed:   384   Failed:    28   Success:  93.20%
WS:                   Passed:    68   Failed:     4   Success:  94.44%
CLI:                  Passed:    83   Failed:     4   Success:  95.40%
PROXY:                Passed:   295   Failed:     6   Success:  98.01%
MQ_CONN:              Passed:    25   Failed:    61   Success:  29.07%
HA:                   Passed:   137   Failed:     2   Success:  98.56%
CLUSTER:              Passed:   219   Failed:     0   Success: 100.00%

==========================================================================================================================================
=========================================== Summary of Failures by Number of Occurrences =================================================
==========================================================================================================================================
 1  testproxy_tls03_MqttsEpStore - Test ability to connect to Proxy TLS port [ testproxy_tls03_MqttsEpStore.xml ]
 1  testproxy_sharedMix_09 - MQTTv5 New Retained Messages behavior - shared durable should not receive RMs when create sub or on reconnect.
 1  testproxy_mqttv5connect01 - Test MQTT/WebSocket connect to an IP address and port  +mqttv5_connect+/+ism-proxy_td-mqttv5_connect-01.sh
 1  testproxy_mqttV5_gvt03 - Test ability to connect with GVT characters in user/password [ testproxy_mqttV5_gvt03.xml ]
 1  testproxy_monitor03_MultiProxyStealCID - Test steals of the same client ID between two proxies  +monitor+/+ism-proxy_td-monitorScenarios01.sh
 1  testplugin_subscribe14 - Test MQTT/WebSocket subscribe to long topic (<32767 characters)
 1  testplugin_subscribe01 - Test MQTT/WebSocket subscribe to *#*
 1  testmqtt_ltpaMail02 - LTPA Connect Fail mail UserIdMap
 1  testmqtt_ltpaMail - LTPA Connect mail UserIdMap
 1  testmqtt_ltpa04_notls - LTPA Connect with modified/bad ltpa token and TLSEnable=False
 1  testmqtt_ltpa04 - LTPA Connect with modified/bad ltpa token
 1  testmqtt_ltpa03f - LTPA Connect with indirect group authorization and FIPS
 1  testmqtt_ltpa03 - LTPA Connect with indirect group authorization
 1  testmqtt_ltpa02f - LTPA Connect with group authorization and FIPS
 1  testmqtt_ltpa02 - LTPA Connect with group authorization
 1  testmqtt_ltpa01fa - LTPA Connect with user authorization and FIPS, specify enabledCipherSuites
 1  testmqtt_ltpa01f - LTPA Connect with user authorization and FIPS
 1  testmqtt_ltpa01_notls - LTPA Connect with user authorization
 1  testmqtt_ltpa01 - LTPA Connect with user authorization
 1  testmqtt_gvt06 - Test ability to connect with GVT characters E3 in user/password [ testmqtt_gvt06.xml ]
 1  testmqtt_gvt03 - Test ability to connect with GVT characters in user/password [ testmqtt_gvt03.xml ]
 1  testmqtt_gvt02 - Test ability to connect over an SSL connection [ testmqtt_gvt02.xml ]
 1  testmqtt_gvt01 - Test ability use GVT characters in topic and ClientID [ testmqtt_gvt01.xml ]
 1  testmqtt_NDS_04_MixedQoS - Non-Durable Shared Subscription at QoS=0, Busy test with lots of Disconnects and no unsubscribes
 1  testmqtt_HA05 - Test admin objects are properly rolled over [ testmqtt_HA05.xml ]
 1  ssl/testmqtt_ssl09b - Test MQTT/WebSocket CommonName usage in ClientID on ConnectionPolicy with asterisk character
 1  ssl/testmqtt_ssl09a - Test MQTT/WebSocket CommonName usage in ClientID on ConnectionPolicy with asterisk character
 1  ssl/testmqtt_ssl08 - Test MQTT/WebSocket CommonName usage in ClientID on ConnectionPolicy with asterisk character
 1  ssl/testmqtt_ssl07 - Test MQTT/WebSocket CommonName usage
 1  ssl/testmqtt_ssl06 - Test MQTT/WebSocket CommonName usage
 1  ssl/testmqtt_ssl05 - Test MQTT/WebSocket CommonName usage
 1  mqtt_testMixedProtocol_01 - Durable Shared Subscription, Busy test with lots of Subscribers coming going, both JMS/MQTT subscribers
 1  mqttV5_subOptions_RetainAsPub_share - Test MQTTv5 Subscribe Options RetainAsPublish on
 1  mqtt HAScenarios03: Server stopped running during execution.
 1  jsclient_pubsub_17_b - Test retained
 1  jsclient_gvt_4_b - GVT: Will Topic and Message test
 1  jsclient_gvt_3_b - GVT: userName and password test
 1  jsclient_gvt_2_b - GVT: Topic name test
 1  jms_oauth_010_truststore - Test 10 - OAuth Test 10 with TrustStore set
 1  jms_mqtt_001 JMS to MQTT - Test 1 with Unicode Topic Name and RETAINED. [ jms_mqtt_001.xml ]
 1  export_import_Cleanup_001 - Use Cleanup to verify that import got configuration correct
 1  export_import_003 - Export, Reset Config and run import with ApplyConfig=true
 1  export_import_002 - Export and run import with ApplyConfig=false
 1  deleteAllRetained0 - Delete any RETAINed messages, error if any exist
 1  cli_security_test_001 - send test data to topic
 1  bridge.SimpleA1EventStreams - Test Simple Pub-Fwd-Recv through Bridge  bridge_tests/plain/ism-Bridge-Plain01.sh
 1  MqttXrscadaTest15 - SDP_PROTOCOL_PACKED
 1  MQ_CON_RULES_14_LONG - com.ibm.ima.mqcon.rules 1 MQ Java message is published to each of 5 MQ topics and received from an IMA queue using JMS
 1  MQ_CON_RULES_14 - com.ibm.ima.mqcon.rules 1 MQ Java message is published to each of 5 MQ topics and received from an IMA queue using JMS
 1  MQ_CON_RULES_13_LONG - com.ibm.ima.mqcon.rules 1 MQ Java message is published to an MQ topic and collected from IMA queue [1 Pub; 1 Sub]
 1  MQ_CON_RULES_13 - com.ibm.ima.mqcon.rules 1 MQ Java message is published to an MQ topic and collected from IMA queue [1 Pub; 1 Sub]
 1  MQ_CON_RULES_12 - com.ibm.ima.mqcon.rules 1 MQ Java message is published to an MQ queue and received from an IMA queue using JMS
 1  MQ_CON_RULES_11 - com.ibm.ima.mqcon.rules 1 JMS message is published to an IMA queue and subscribed by an MQ JAVA consumer [1 Pub; 1 Sub] with Topic Subscription
 1  MQ_CON_RULES_10 - com.ibm.ima.mqcon.rules 1 JMS message is published to an IMA queue and received from MQ queue using MQ JAVA
 1  MQ_CON_RULES_09_LONG - com.ibm.ima.mqcon.rules 1 MQ Java message is published to each of 5 MQ topics and subscribed by an MQTT IMA consumer [5 Pub; 1 Sub] with Topic Subscription
 1  MQ_CON_RULES_09 - com.ibm.ima.mqcon.rules 1 MQ Java message is published to each of 5 MQ topics and subscribed by an MQTT IMA consumer [5 Pub; 1 Sub] with Topic Subscription
 1  MQ_CON_RULES_08_LONG - com.ibm.ima.mqcon.rules 1 MQ Java message is published to each of 5 MQ topics and subscribed by an IMA consumer [5 Pub; 1 Sub] with Topic Subscription
 1  MQ_CON_RULES_08 - com.ibm.ima.mqcon.rules 1 MQ Java message is published to each of 5 MQ topics and subscribed by an IMA consumer [5 Pub; 1 Sub] with Topic Subscription
 1  MQ_CON_RULES_07 - com.ibm.ima.mqcon.rules 1 MQTT Java message is published to each of 5 IMA topics and subscribed by an MQ JAVA consumer [5 Pub; 1 Sub] with Topic Subscription
 1  MQ_CON_RULES_06 - com.ibm.ima.mqcon.rules 1 MQTT message is published to each of 5 IMA topics and subscribed by an MQ JAVA consumer [5 Pub; 1 Sub] with Topic Subscription
 1  MQ_CON_RULES_05 - com.ibm.ima.mqcon.rules 1 MQTT message is published to each of 5 IMA topics and received from an MQ Queue using MQ JAVA
 1  MQ_CON_RULES_04_LONG - com.ibm.ima.mqcon.rules 1 MQ Java message is published to an MQ topic and subscribed by an IMA MQTT consumer [1 Pub; 1 Sub] with Topic Subscription
 1  MQ_CON_RULES_04 - com.ibm.ima.mqcon.rules 1 MQ Java message is published to an MQ topic and subscribed by an IMA MQTT consumer [1 Pub; 1 Sub] with Topic Subscription
 1  MQ_CON_RULES_03 - com.ibm.ima.mqcon.rules 1 MQ Java message is published to an MQ Queue topic and subscribed by an MQTT consumer on IMA [1 Pub; 1 Sub] with Topic Subscription
 1  MQ_CON_RULES_02MR - com.ibm.ima.mqcon.rules 1 MQTT message is published to an IMA topic and subscribed by an MQ JAVA consumer [1 Pub; 1 Sub] with Topic Subscription
 1  MQ_CON_RULES_02 - com.ibm.ima.mqcon.rules 1 MQTT message is published to an IMA topic and subscribed by an MQ JAVA consumer [1 Pub; 1 Sub] with Topic Subscription
 1  MQ_CON_RULES_01 - com.ibm.ima.mqcon.rules 1 MQTT message is published to an IMA topic and received from an MQ Queue using MQ JAVA
 1  MQ_CON_RESTART_RULES_04 - 1 MQ Java message is published to an MQ topic and subscribed by an IMA MQTT consumer [1 Pub; 1 Sub] with Topic Subscription. Rule toggled 3 times before test
 1  MQ_CON_RESTART_RULES_02 - com.ibm.ima.mqcon.rules 1 MQTT message is published to an IMA topic and subscribed by an MQ JAVA consumer [1 Pub; 1 Sub] with Topic Subscription. Rule toggled 3 times before test
 1  MQ_CON_MULTI_RESTART_RULES08 - com.ibm.ima.mqcon.rules 1 MQTT message is published to an IMA topic and received from an MQ Queue using MQ JAVA
 1  MQ_CON_MULTI_RESTART_RULES07 - com.ibm.ima.mqcon.rules.ImaTopicToMqQueueTest 1 MQTT message ????
 1  MQ_CON_MULTI_RESTART_RULES06 - com.ibm.ima.mqcon.rules 1 MQTT message is published to an IMA topic and received from an MQ Queue using MQ JAVA
 1  MQ_CON_MULTI_RESTART_RULES05 - com.ibm.ima.mqcon.rules 1 MQTT message is published to an IMA topic and received from an MQ Queue using MQ JAVA
 1  MQ_CON_MULTI_RESTART_RULES04 - com.ibm.ima.mqcon.rules 1 MQTT message is published to an IMA topic and received from an MQ Queue using MQ JAVA
 1  MQ_CON_MULTI_RESTART_RULES03 - com.ibm.ima.mqcon.rules 1 MQTT message is published to an IMA topic and received from an MQ Queue using MQ JAVA
 1  MQ_CON_MULTI_RESTART_RULES02 - com.ibm.ima.mqcon.rules 1 MQTT message is published to an IMA topic and received from an MQ Queue using MQ JAVA
 1  MQ_CON_MULTI_RESTART_RULES01 - com.ibm.ima.mqcon.rules 1 MQTT message is published to an IMA topic and received from an MQ Queue using MQ JAVA
 1  MQ_CON_BAD_RULES_13 - com.ibm.ima.mqcon.rules 1 MQ Java message is published to an MQ topic and collected from IMA queue [1 Pub; 1 Sub]
 1  MQ_CON_BAD_RULES_04 - com.ibm.ima.mqcon.rules 1 MQ Java message is published to an MQ topic and subscribed by an IMA MQTT consumer [1 Pub; 1 Sub] with Topic Subscription. Bad QMC present
 1  MQ_CON_BAD_RULES_02 - com.ibm.ima.mqcon.rules 1 MQTT message is published to an IMA topic and subscribed by an MQ JAVA consumer [1 Pub; 1 Sub] with Topic Subscription. Bad QMC present
 1  MQ_CONNECTIVITY_MULTI_PROD - com.ibm.ima.samples.test.aj.ImaToMqMultiProd multiple producers publishing multiple messages to ISM and subscribed by MQ [Many Pub; 1 Sub] with Topic Subscription
 1  MQ_CONNECTIVITY_2 - com.ibm.ima.samples.test.aj 1 message is published  to ISM and subscribed by MQ [1 Pub; 1 Sub] with Topic Subscription
 1  MQCON_MSGCON_21 - com.ibm.ima.mqcon.msgconversion 1 JMS Base message is published to MQ topic and subscribed by an IMA consumer [1 Pub; 1 Sub] with Topic Subscription
 1  MQCON_MSGCON_19 - com.ibm.ima.mqcon.msgconversion 1 JMS Base message is published to IMA topic and subscribed by a MQ consumer [1 Pub; 1 Sub] with Topic Subscription
 1  MQCON_MSGCON_18 - com.ibm.ima.mqcon.msgconversion 1 JMS Stream message is published to MQ topic and subscribed by an IMA consumer [1 Pub; 1 Sub] with Topic Subscription
 1  MQCON_MSGCON_16 - com.ibm.ima.mqcon.msgconversion 1 JMS Stream message is published to IMA topic and subscribed by a MQ consumer [1 Pub; 1 Sub] with Topic Subscription
 1  MQCON_MSGCON_15 - com.ibm.ima.mqcon.msgconversion 1 JMS Object message is published to MQ topic and subscribed by an IMA consumer [1 Pub; 1 Sub] with Topic Subscription
 1  MQCON_MSGCON_13 - com.ibm.ima.mqcon.msgconversion 1 JMS Object message is published to IMA topic and subscribed by a MQ consumer [1 Pub; 1 Sub] with Topic Subscription
 1  MQCON_MSGCON_12 - com.ibm.ima.mqcon.msgconversion 1 JMS Map message is published to MQ topic and subscribed by an IMA consumer [1 Pub; 1 Sub] with Topic Subscription
 1  MQCON_MSGCON_10 - com.ibm.ima.mqcon.msgconversion 1 JMS Map message is published to IMA topic and subscribed by a MQ consumer [1 Pub; 1 Sub] with Topic Subscription
 1  MQCON_MSGCON_09 - com.ibm.ima.mqcon.msgconversion 1 JMS Text message with headers is published to MQ topic and subscribed by an IMA consumer [1 Pub; 1 Sub] with Topic Subscription
 1  MQCON_MSGCON_07 - com.ibm.ima.mqcon.msgconversion 1 JMS Text message with headers is published to IMA topic and subscribed by a MQ consumer [1 Pub; 1 Sub] with Topic Subscription
 1  MQCON_MSGCON_06 - com.ibm.ima.mqcon.msgconversion 1 JMS Bytes message is published to MQ topic and subscribed by an IMA consumer [1 Pub; 1 Sub] with Topic Subscription
 1  MQCON_MSGCON_04 - com.ibm.ima.mqcon.msgconversion 1 JMS Bytes message is published to IMA topic and subscribed by a MQ consumer [1 Pub; 1 Sub] with Topic Subscription
 1  MQCON_MSGCON_03 - com.ibm.ima.mqcon.msgconversion 1 JMS Text message is published to MQ topic and subscribed by an IMA consumer [1 Pub; 1 Sub] with Topic Subscription
 1  MQCON_MSGCON_01 - com.ibm.ima.mqcon.msgconversion 1 JMS Text message is published to IMA topic and subscribed by a MQ consumer [1 Pub; 1 Sub] with Topic Subscription
 1  MQCON_JMS_17 - com.ibm.ima.mqcon.jms 5 JMS Text messages are published to MQ queue and subscribed by an IMA consumer from a topic [1 Pub; 1 Sub]
 1  MQCON_JMS_16 - com.ibm.ima.mqcon.jms 5 JMS Text messages are published to IMA queue and subscribed by a MQ consumer from a topic [1 Pub; 1 Sub]
 1  MQCON_JMS_15 - com.ibm.ima.mqcon.jms 4 JMS Text messages are published to IMA topic and subscribed by a MQ aysnchronous consumer [1 Pub; 1 Sub] but only 1 message should be received
 1  MQCON_JMS_13 - com.ibm.ima.mqcon.jms 4 JMS Text messages are published to IMA topic and subscribed by a MQ aysnchronous consumer [1 Pub; 1 Sub] but only 1 message should be received
 1  MQCON_JMS_12 - com.ibm.ima.mqcon.jms 3 JMS Text messages are published to MQ topic and subscribed by an IMA consumer [1 Pub; 1 Sub] but only 2 messages are committed
 1  MQCON_JMS_10 - com.ibm.ima.mqcon.jms 3 JMS Text messages are published to IMA topic and subscribed by a MQ consumer [1 Pub; 1 Sub] but only 2 messages are committed
 1  MQCON_JMS_09 - com.ibm.ima.mqcon.jms 2 JMS Text messages are published to MQ topic and subscribed by an IMA consumer [1 Pub; 1 Sub] with a selector to obtain just 1 message
 1  MQCON_JMS_07 - com.ibm.ima.mqcon.jms 2 JMS Text messages are published to IMA topic and subscribed by a MQ consumer [1 Pub; 1 Sub] using a selector to obtain just 1 message
 1  MQCON_JMS_06 - com.ibm.ima.mqcon.jms 2 JMS Text message are published to MQ topic and subscribed by an durable IMA consumer [1 Pub; 1 Sub]
 1  MQCON_JMS_04 - com.ibm.ima.mqcon.jms 2 JMS Text messages are published to IMA topic and subscribed by a durable MQ consumer [1 Pub; 1 Sub]
 1  MQCON_JMS_03 - com.ibm.ima.mqcon.jms 3 JMS Text message is published to MQ topic and subscribed by an IMA consumer [1 Pub; 1 Sub] with client ACK
 1  MQCON_JMS_01 - com.ibm.ima.mqcon.jms 3 JMS Text messages are published to IMA topic and subscribed by a MQ consumer [1 Pub; 1 Sub] with client ACK
 1  Clear any retained messages before running JMS Wildcard tests [ mqtt_clearRetained.xml ]

==========================================================================================================================================
================================================== Summary of Individual Test Runs =======================================================
==========================================================================================================================================
ismClient           A1TF7cciCOR02d A2TF7cciCOR03d M1TF7fvt07d M2TF7fvt08d                           Passed: 48    Failed: 0
ismClient           A1TF7cciCOD02d A2TF7cciCOD03d M1TF7fvt05d M2TF7fvt06d                           Passed: 137   Failed: 2
  "HA_mqtt_td_tests" FAILED:
      FAILED: Scenario 1 - testmqtt_HA05 - Test admin objects are properly rolled over [ testmqtt_HA05.xml ]
      FAILED: runScenarios - mqtt HAScenarios03: Server stopped running during execution.

ismClient           A1TF7cciCOD01d A2TF7cciCOD09d A3TF7cciCOD10d A4TF7cciCOD11d M1TF7fvt01d M2TF7fvt02d B1TF7bridge01d B2TF7bridge02d P1TF7proxy01d P2TF7proxy02d Passed: 357   Failed: 7
  "BRIDGE_bridge_tests" FAILED:
      FAILED: Scenario 1 - bridge.SimpleA1EventStreams - Test Simple Pub-Fwd-Recv through Bridge  bridge_tests/plain/ism-Bridge-Plain01.sh
  "proxy_tests" FAILED:
      FAILED: Scenario 3 - testproxy_monitor03_MultiProxyStealCID - Test steals of the same client ID between two proxies  +monitor+/+ism-proxy_td-monitorScenarios01.sh
      FAILED: Scenario 1 - MqttXrscadaTest15 - SDP_PROTOCOL_PACKED
      FAILED: Scenario 3 - testproxy_tls03_MqttsEpStore - Test ability to connect to Proxy TLS port [ testproxy_tls03_MqttsEpStore.xml ]
      FAILED: Scenario 20 - testproxy_mqttV5_gvt03 - Test ability to connect with GVT characters in user/password [ testproxy_mqttV5_gvt03.xml ]
      FAILED: Scenario 2 - testproxy_mqttv5connect01 - Test MQTT/WebSocket connect to an IP address and port  +mqttv5_connect+/+ism-proxy_td-mqttv5_connect-01.sh
      FAILED: Scenario 14 - testproxy_sharedMix_09 - MQTTv5 New Retained Messages behavior - shared durable should not receive RMs when create sub or on reconnect.

ismClient           A1TF7cciCOD04d A2TF7cciCOD05d A3TF7cciCOD06d A4TF7cciCOD07d A5TF7cciCOD08d M1TF7fvt09d M2TF7fvt10d Passed: 171   Failed: 0
ismClient           A1TF7cciCOR01d M1TF7fvt03d M2TF7fvt04d P1TF7proxy03d                            Passed: 795   Failed: 100
  "IBMjava80_jms_td_tests" FAILED:
      FAILED: Scenario 18 - jms_oauth_010_truststore - Test 10 - OAuth Test 10 with TrustStore set
  "IBMjava80_mqtt_td_tests" FAILED:
      FAILED: Scenario 1 - testmqtt_gvt01 - Test ability use GVT characters in topic and ClientID [ testmqtt_gvt01.xml ]
      FAILED: Scenario 2 - testmqtt_gvt03 - Test ability to connect with GVT characters in user/password [ testmqtt_gvt03.xml ]
      FAILED: Scenario 4 - testmqtt_gvt06 - Test ability to connect with GVT characters E3 in user/password [ testmqtt_gvt06.xml ]
      FAILED: Scenario 5 - testmqtt_gvt02 - Test ability to connect over an SSL connection [ testmqtt_gvt02.xml ]
      FAILED: Scenario 19 - testmqtt_NDS_04_MixedQoS - Non-Durable Shared Subscription at QoS=0, Busy test with lots of Disconnects and no unsubscribes 
      FAILED: Scenario 21 - mqtt_testMixedProtocol_01 - Durable Shared Subscription, Busy test with lots of Subscribers coming going, both JMS/MQTT subscribers 
      FAILED: Scenario 1 - testmqtt_ltpa01 - LTPA Connect with user authorization
      FAILED: Scenario 2 - testmqtt_ltpa02 - LTPA Connect with group authorization
      FAILED: Scenario 3 - testmqtt_ltpa03 - LTPA Connect with indirect group authorization
      FAILED: Scenario 5 - testmqtt_ltpaMail - LTPA Connect mail UserIdMap
      FAILED: Scenario 6 - testmqtt_ltpaMail02 - LTPA Connect Fail mail UserIdMap
      FAILED: Scenario 8 - testmqtt_ltpa04 - LTPA Connect with modified/bad ltpa token
      FAILED: Scenario 9 - testmqtt_ltpa01_notls - LTPA Connect with user authorization
      FAILED: Scenario 10 - testmqtt_ltpa04_notls - LTPA Connect with modified/bad ltpa token and TLSEnable=False
      FAILED: Scenario 12 - testmqtt_ltpa01fa - LTPA Connect with user authorization and FIPS, specify enabledCipherSuites
      FAILED: Scenario 13 - testmqtt_ltpa01f - LTPA Connect with user authorization and FIPS
      FAILED: Scenario 14 - testmqtt_ltpa02f - LTPA Connect with group authorization and FIPS
      FAILED: Scenario 15 - testmqtt_ltpa03f - LTPA Connect with indirect group authorization and FIPS
      FAILED: Scenario 2 - ssl/testmqtt_ssl05 - Test MQTT/WebSocket CommonName usage
      FAILED: Scenario 3 - ssl/testmqtt_ssl06 - Test MQTT/WebSocket CommonName usage
      FAILED: Scenario 4 - ssl/testmqtt_ssl07 - Test MQTT/WebSocket CommonName usage
      FAILED: Scenario 5 - ssl/testmqtt_ssl08 - Test MQTT/WebSocket CommonName usage in ClientID on ConnectionPolicy with asterisk character
      FAILED: Scenario 6 - ssl/testmqtt_ssl09a - Test MQTT/WebSocket CommonName usage in ClientID on ConnectionPolicy with asterisk character
      FAILED: Scenario 7 - ssl/testmqtt_ssl09b - Test MQTT/WebSocket CommonName usage in ClientID on ConnectionPolicy with asterisk character
      FAILED: Scenario 0 - deleteAllRetained0 - Delete any RETAINed messages, error if any exist
      FAILED: Scenario 20 - mqttV5_subOptions_RetainAsPub_share - Test MQTTv5 Subscribe Options RetainAsPublish on 
  "IBMjava80_jms_mqtt_td_tests" FAILED:
      FAILED: Scenario 0 - jms_mqtt_001 JMS to MQTT - Test 1 with Unicode Topic Name and RETAINED. [ jms_mqtt_001.xml ]
      FAILED: Scenario 12 - Clear any retained messages before running JMS Wildcard tests [ mqtt_clearRetained.xml ]
  "plugin_tests" FAILED:
      FAILED: Scenario 0 - testplugin_subscribe01 - Test MQTT/WebSocket subscribe to *#*
      FAILED: Scenario 12 - testplugin_subscribe14 - Test MQTT/WebSocket subscribe to long topic (<32767 characters)
  "ws_mqtt_js_tests" FAILED:
      FAILED: Scenario 15 - jsclient_pubsub_17_b - Test retained
      FAILED: Scenario 2 - jsclient_gvt_2_b - GVT: Topic name test
      FAILED: Scenario 3 - jsclient_gvt_3_b - GVT: userName and password test
      FAILED: Scenario 4 - jsclient_gvt_4_b - GVT: Will Topic and Message test
  "cli_tests" FAILED:
      FAILED: Scenario 2 - cli_security_test_001 - send test data to topic
      FAILED: Scenario 2 - export_import_002 - Export and run import with ApplyConfig=false
      FAILED: Scenario 3 - export_import_003 - Export, Reset Config and run import with ApplyConfig=true
      FAILED: Scenario 4 - export_import_Cleanup_001 - Use Cleanup to verify that import got configuration correct
  "MQConnectivity_tests" FAILED:
      FAILED: Scenario 1 - MQ_CONNECTIVITY_2 - com.ibm.ima.samples.test.aj 1 message is published  to ISM and subscribed by MQ [1 Pub; 1 Sub] with Topic Subscription
      FAILED: Scenario 3 - MQ_CONNECTIVITY_MULTI_PROD - com.ibm.ima.samples.test.aj.ImaToMqMultiProd multiple producers publishing multiple messages to ISM and subscribed by MQ [Many Pub; 1 Sub] with Topic Subscription
      FAILED: Scenario 0 - MQCON_MSGCON_01 - com.ibm.ima.mqcon.msgconversion 1 JMS Text message is published to IMA topic and subscribed by a MQ consumer [1 Pub; 1 Sub] with Topic Subscription
      FAILED: Scenario 2 - MQCON_MSGCON_03 - com.ibm.ima.mqcon.msgconversion 1 JMS Text message is published to MQ topic and subscribed by an IMA consumer [1 Pub; 1 Sub] with Topic Subscription
      FAILED: Scenario 3 - MQCON_MSGCON_04 - com.ibm.ima.mqcon.msgconversion 1 JMS Bytes message is published to IMA topic and subscribed by a MQ consumer [1 Pub; 1 Sub] with Topic Subscription
      FAILED: Scenario 5 - MQCON_MSGCON_06 - com.ibm.ima.mqcon.msgconversion 1 JMS Bytes message is published to MQ topic and subscribed by an IMA consumer [1 Pub; 1 Sub] with Topic Subscription
      FAILED: Scenario 6 - MQCON_MSGCON_07 - com.ibm.ima.mqcon.msgconversion 1 JMS Text message with headers is published to IMA topic and subscribed by a MQ consumer [1 Pub; 1 Sub] with Topic Subscription
      FAILED: Scenario 8 - MQCON_MSGCON_09 - com.ibm.ima.mqcon.msgconversion 1 JMS Text message with headers is published to MQ topic and subscribed by an IMA consumer [1 Pub; 1 Sub] with Topic Subscription
      FAILED: Scenario 9 - MQCON_MSGCON_10 - com.ibm.ima.mqcon.msgconversion 1 JMS Map message is published to IMA topic and subscribed by a MQ consumer [1 Pub; 1 Sub] with Topic Subscription
      FAILED: Scenario 11 - MQCON_MSGCON_12 - com.ibm.ima.mqcon.msgconversion 1 JMS Map message is published to MQ topic and subscribed by an IMA consumer [1 Pub; 1 Sub] with Topic Subscription
      FAILED: Scenario 12 - MQCON_MSGCON_13 - com.ibm.ima.mqcon.msgconversion 1 JMS Object message is published to IMA topic and subscribed by a MQ consumer [1 Pub; 1 Sub] with Topic Subscription
      FAILED: Scenario 14 - MQCON_MSGCON_15 - com.ibm.ima.mqcon.msgconversion 1 JMS Object message is published to MQ topic and subscribed by an IMA consumer [1 Pub; 1 Sub] with Topic Subscription
      FAILED: Scenario 15 - MQCON_MSGCON_16 - com.ibm.ima.mqcon.msgconversion 1 JMS Stream message is published to IMA topic and subscribed by a MQ consumer [1 Pub; 1 Sub] with Topic Subscription
      FAILED: Scenario 17 - MQCON_MSGCON_18 - com.ibm.ima.mqcon.msgconversion 1 JMS Stream message is published to MQ topic and subscribed by an IMA consumer [1 Pub; 1 Sub] with Topic Subscription
      FAILED: Scenario 18 - MQCON_MSGCON_19 - com.ibm.ima.mqcon.msgconversion 1 JMS Base message is published to IMA topic and subscribed by a MQ consumer [1 Pub; 1 Sub] with Topic Subscription
      FAILED: Scenario 20 - MQCON_MSGCON_21 - com.ibm.ima.mqcon.msgconversion 1 JMS Base message is published to MQ topic and subscribed by an IMA consumer [1 Pub; 1 Sub] with Topic Subscription
      FAILED: Scenario 0 - MQCON_JMS_01 - com.ibm.ima.mqcon.jms 3 JMS Text messages are published to IMA topic and subscribed by a MQ consumer [1 Pub; 1 Sub] with client ACK
      FAILED: Scenario 2 - MQCON_JMS_03 - com.ibm.ima.mqcon.jms 3 JMS Text message is published to MQ topic and subscribed by an IMA consumer [1 Pub; 1 Sub] with client ACK
      FAILED: Scenario 3 - MQCON_JMS_04 - com.ibm.ima.mqcon.jms 2 JMS Text messages are published to IMA topic and subscribed by a durable MQ consumer [1 Pub; 1 Sub]
      FAILED: Scenario 5 - MQCON_JMS_06 - com.ibm.ima.mqcon.jms 2 JMS Text message are published to MQ topic and subscribed by an durable IMA consumer [1 Pub; 1 Sub]
      FAILED: Scenario 6 - MQCON_JMS_07 - com.ibm.ima.mqcon.jms 2 JMS Text messages are published to IMA topic and subscribed by a MQ consumer [1 Pub; 1 Sub] using a selector to obtain just 1 message
      FAILED: Scenario 8 - MQCON_JMS_09 - com.ibm.ima.mqcon.jms 2 JMS Text messages are published to MQ topic and subscribed by an IMA consumer [1 Pub; 1 Sub] with a selector to obtain just 1 message
      FAILED: Scenario 9 - MQCON_JMS_10 - com.ibm.ima.mqcon.jms 3 JMS Text messages are published to IMA topic and subscribed by a MQ consumer [1 Pub; 1 Sub] but only 2 messages are committed
      FAILED: Scenario 11 - MQCON_JMS_12 - com.ibm.ima.mqcon.jms 3 JMS Text messages are published to MQ topic and subscribed by an IMA consumer [1 Pub; 1 Sub] but only 2 messages are committed
      FAILED: Scenario 12 - MQCON_JMS_13 - com.ibm.ima.mqcon.jms 4 JMS Text messages are published to IMA topic and subscribed by a MQ aysnchronous consumer [1 Pub; 1 Sub] but only 1 message should be received
      FAILED: Scenario 14 - MQCON_JMS_15 - com.ibm.ima.mqcon.jms 4 JMS Text messages are published to IMA topic and subscribed by a MQ aysnchronous consumer [1 Pub; 1 Sub] but only 1 message should be received
      FAILED: Scenario 15 - MQCON_JMS_16 - com.ibm.ima.mqcon.jms 5 JMS Text messages are published to IMA queue and subscribed by a MQ consumer from a topic [1 Pub; 1 Sub]
      FAILED: Scenario 16 - MQCON_JMS_17 - com.ibm.ima.mqcon.jms 5 JMS Text messages are published to MQ queue and subscribed by an IMA consumer from a topic [1 Pub; 1 Sub]
      FAILED: Scenario 0 - MQ_CON_RULES_01 - com.ibm.ima.mqcon.rules 1 MQTT message is published to an IMA topic and received from an MQ Queue using MQ JAVA
      FAILED: Scenario 1 - MQ_CON_RULES_02 - com.ibm.ima.mqcon.rules 1 MQTT message is published to an IMA topic and subscribed by an MQ JAVA consumer [1 Pub; 1 Sub] with Topic Subscription
      FAILED: Scenario 2 - MQ_CON_RULES_02MR - com.ibm.ima.mqcon.rules 1 MQTT message is published to an IMA topic and subscribed by an MQ JAVA consumer [1 Pub; 1 Sub] with Topic Subscription
      FAILED: Scenario 3 - MQ_CON_RULES_03 - com.ibm.ima.mqcon.rules 1 MQ Java message is published to an MQ Queue topic and subscribed by an MQTT consumer on IMA [1 Pub; 1 Sub] with Topic Subscription
      FAILED: Scenario 4 - MQ_CON_RULES_04 - com.ibm.ima.mqcon.rules 1 MQ Java message is published to an MQ topic and subscribed by an IMA MQTT consumer [1 Pub; 1 Sub] with Topic Subscription
      FAILED: Scenario 5 - MQ_CON_RULES_04_LONG - com.ibm.ima.mqcon.rules 1 MQ Java message is published to an MQ topic and subscribed by an IMA MQTT consumer [1 Pub; 1 Sub] with Topic Subscription
      FAILED: Scenario 6 - MQ_CON_RULES_05 - com.ibm.ima.mqcon.rules 1 MQTT message is published to each of 5 IMA topics and received from an MQ Queue using MQ JAVA
      FAILED: Scenario 7 - MQ_CON_RULES_06 - com.ibm.ima.mqcon.rules 1 MQTT message is published to each of 5 IMA topics and subscribed by an MQ JAVA consumer [5 Pub; 1 Sub] with Topic Subscription
      FAILED: Scenario 8 - MQ_CON_RULES_07 - com.ibm.ima.mqcon.rules 1 MQTT Java message is published to each of 5 IMA topics and subscribed by an MQ JAVA consumer [5 Pub; 1 Sub] with Topic Subscription
      FAILED: Scenario 9 - MQ_CON_RULES_08 - com.ibm.ima.mqcon.rules 1 MQ Java message is published to each of 5 MQ topics and subscribed by an IMA consumer [5 Pub; 1 Sub] with Topic Subscription
      FAILED: Scenario 10 - MQ_CON_RULES_08_LONG - com.ibm.ima.mqcon.rules 1 MQ Java message is published to each of 5 MQ topics and subscribed by an IMA consumer [5 Pub; 1 Sub] with Topic Subscription
      FAILED: Scenario 11 - MQ_CON_RULES_09 - com.ibm.ima.mqcon.rules 1 MQ Java message is published to each of 5 MQ topics and subscribed by an MQTT IMA consumer [5 Pub; 1 Sub] with Topic Subscription
      FAILED: Scenario 12 - MQ_CON_RULES_09_LONG - com.ibm.ima.mqcon.rules 1 MQ Java message is published to each of 5 MQ topics and subscribed by an MQTT IMA consumer [5 Pub; 1 Sub] with Topic Subscription
      FAILED: Scenario 13 - MQ_CON_RULES_10 - com.ibm.ima.mqcon.rules 1 JMS message is published to an IMA queue and received from MQ queue using MQ JAVA
      FAILED: Scenario 14 - MQ_CON_RULES_11 - com.ibm.ima.mqcon.rules 1 JMS message is published to an IMA queue and subscribed by an MQ JAVA consumer [1 Pub; 1 Sub] with Topic Subscription
      FAILED: Scenario 15 - MQ_CON_RULES_12 - com.ibm.ima.mqcon.rules 1 MQ Java message is published to an MQ queue and received from an IMA queue using JMS
      FAILED: Scenario 16 - MQ_CON_RULES_13 - com.ibm.ima.mqcon.rules 1 MQ Java message is published to an MQ topic and collected from IMA queue [1 Pub; 1 Sub]
      FAILED: Scenario 17 - MQ_CON_RULES_13_LONG - com.ibm.ima.mqcon.rules 1 MQ Java message is published to an MQ topic and collected from IMA queue [1 Pub; 1 Sub]
      FAILED: Scenario 18 - MQ_CON_RULES_14 - com.ibm.ima.mqcon.rules 1 MQ Java message is published to each of 5 MQ topics and received from an IMA queue using JMS
      FAILED: Scenario 19 - MQ_CON_RULES_14_LONG - com.ibm.ima.mqcon.rules 1 MQ Java message is published to each of 5 MQ topics and received from an IMA queue using JMS
      FAILED: Scenario 20 - MQ_CON_BAD_RULES_02 - com.ibm.ima.mqcon.rules 1 MQTT message is published to an IMA topic and subscribed by an MQ JAVA consumer [1 Pub; 1 Sub] with Topic Subscription. Bad QMC present
      FAILED: Scenario 21 - MQ_CON_BAD_RULES_04 - com.ibm.ima.mqcon.rules 1 MQ Java message is published to an MQ topic and subscribed by an IMA MQTT consumer [1 Pub; 1 Sub] with Topic Subscription. Bad QMC present
      FAILED: Scenario 22 - MQ_CON_BAD_RULES_13 - com.ibm.ima.mqcon.rules 1 MQ Java message is published to an MQ topic and collected from IMA queue [1 Pub; 1 Sub]
      FAILED: Scenario 0 - MQ_CON_RESTART_RULES_02 - com.ibm.ima.mqcon.rules 1 MQTT message is published to an IMA topic and subscribed by an MQ JAVA consumer [1 Pub; 1 Sub] with Topic Subscription. Rule toggled 3 times before test
      FAILED: Scenario 0 - MQ_CON_RESTART_RULES_04 - 1 MQ Java message is published to an MQ topic and subscribed by an IMA MQTT consumer [1 Pub; 1 Sub] with Topic Subscription. Rule toggled 3 times before test
      FAILED: Scenario 0 - MQ_CON_MULTI_RESTART_RULES01 - com.ibm.ima.mqcon.rules 1 MQTT message is published to an IMA topic and received from an MQ Queue using MQ JAVA
      FAILED: Scenario 1 - MQ_CON_MULTI_RESTART_RULES02 - com.ibm.ima.mqcon.rules 1 MQTT message is published to an IMA topic and received from an MQ Queue using MQ JAVA
      FAILED: Scenario 2 - MQ_CON_MULTI_RESTART_RULES03 - com.ibm.ima.mqcon.rules 1 MQTT message is published to an IMA topic and received from an MQ Queue using MQ JAVA
      FAILED: Scenario 3 - MQ_CON_MULTI_RESTART_RULES04 - com.ibm.ima.mqcon.rules 1 MQTT message is published to an IMA topic and received from an MQ Queue using MQ JAVA
      FAILED: Scenario 4 - MQ_CON_MULTI_RESTART_RULES05 - com.ibm.ima.mqcon.rules 1 MQTT message is published to an IMA topic and received from an MQ Queue using MQ JAVA
      FAILED: Scenario 5 - MQ_CON_MULTI_RESTART_RULES06 - com.ibm.ima.mqcon.rules 1 MQTT message is published to an IMA topic and received from an MQ Queue using MQ JAVA
      FAILED: Scenario 6 - MQ_CON_MULTI_RESTART_RULES07 - com.ibm.ima.mqcon.rules.ImaTopicToMqQueueTest 1 MQTT message ????
      FAILED: Scenario 7 - MQ_CON_MULTI_RESTART_RULES08 - com.ibm.ima.mqcon.rules 1 MQTT message is published to an IMA topic and received from an MQ Queue using MQ JAVA


IMA Automated Framework Summary Report
==========================================================================================================================================
Build Type:       development
Server Release:   IMADev @ 20210128-1842
Proxy Release:    IMADev @ 20210128-1842
Client Release:   IMADev @ 20210128-1842
Test Release:     IMADev @ 20210128-1842
Test Group:       fvt_default
Total Time:       07:07:27

Total Results:    Passed:  1581   Failed:    36   Success:  97.77%
                   

Platform Results:
-------------------
CCI_CENTOS_DOCKER:    Passed:   664   Failed:    10   Success:  98.52%
CCI_CENTOS_RPM:       Passed:   917   Failed:    26   Success:  97.24%

Individual Results:
-------------------
JMS:                  Passed:   223   Failed:     1   Success:  99.55%
JMS_MQTT:             Passed:    12   Failed:     2   Success:  85.71%
MQTT:                 Passed:   398   Failed:    14   Success:  96.60%
WS:                   Passed:    67   Failed:     5   Success:  93.06%
CLI:                  Passed:    83   Failed:     4   Success:  95.40%
PROXY:                Passed:   296   Failed:     5   Success:  98.34%
MQ_CONN:              Passed:    86   Failed:     0   Success: 100.00%
HA:                   Passed:   137   Failed:     2   Success:  98.56%
CLUSTER:              Passed:   219   Failed:     0   Success: 100.00%

==========================================================================================================================================
=========================================== Summary of Failures by Number of Occurrences =================================================
==========================================================================================================================================
 2  bridgePx.MaxFWDTopics - Test Max Forwarder Topics Bridge   bridge_tests/proxy/ism-Bridge-Proxy01.sh
 1  testproxy_tls03_MqttsEpStore - Test ability to connect to Proxy TLS port [ testproxy_tls03_MqttsEpStore.xml ]
 1  testproxy_mqttv5connect01 - Test MQTT/WebSocket connect to an IP address and port  +mqttv5_connect+/+ism-proxy_td-mqttv5_connect-01.sh
 1  testproxy_mqttV5_gvt03 - Test ability to connect with GVT characters in user/password [ testproxy_mqttV5_gvt03.xml ]
 1  testplugin_subscribe14 - Test MQTT/WebSocket subscribe to long topic (<32767 characters)
 1  testplugin_subscribe01 - Test MQTT/WebSocket subscribe to *#*
 1  testmqtt_gvt06 - Test ability to connect with GVT characters E3 in user/password [ testmqtt_gvt06.xml ]
 1  testmqtt_gvt03 - Test ability to connect with GVT characters in user/password [ testmqtt_gvt03.xml ]
 1  testmqtt_gvt02 - Test ability to connect over an SSL connection [ testmqtt_gvt02.xml ]
 1  testmqtt_gvt01 - Test ability use GVT characters in topic and ClientID [ testmqtt_gvt01.xml ]
 1  testmqtt_NDS_04_MixedQoS - Non-Durable Shared Subscription at QoS=0, Busy test with lots of Disconnects and no unsubscribes
 1  testmqtt_HA05 - Test admin objects are properly rolled over [ testmqtt_HA05.xml ]
 1  ssl/testmqtt_ssl09b - Test MQTT/WebSocket CommonName usage in ClientID on ConnectionPolicy with asterisk character
 1  ssl/testmqtt_ssl09a - Test MQTT/WebSocket CommonName usage in ClientID on ConnectionPolicy with asterisk character
 1  ssl/testmqtt_ssl08 - Test MQTT/WebSocket CommonName usage in ClientID on ConnectionPolicy with asterisk character
 1  ssl/testmqtt_ssl07 - Test MQTT/WebSocket CommonName usage
 1  ssl/testmqtt_ssl06 - Test MQTT/WebSocket CommonName usage
 1  ssl/testmqtt_ssl05 - Test MQTT/WebSocket CommonName usage
 1  proxyACL_ErrorPath - Error Paths of AClfile  +AAAgateway+/+ism-AAAgateway01.sh
 1  mqtt HAScenarios03: Server stopped running during execution.
 1  jsclient_pubsub_18_b - Retained message is not the last message
 1  jsclient_pubsub_17_b - Test retained
 1  jsclient_gvt_4_b - GVT: Will Topic and Message test
 1  jsclient_gvt_3_b - GVT: userName and password test
 1  jsclient_gvt_2_b - GVT: Topic name test
 1  jms_oauth_010_truststore - Test 10 - OAuth Test 10 with TrustStore set
 1  jms_mqtt_001 JMS to MQTT - Test 1 with Unicode Topic Name and RETAINED. [ jms_mqtt_001.xml ]
 1  export_import_Cleanup_001 - Use Cleanup to verify that import got configuration correct
 1  export_import_003 - Export, Reset Config and run import with ApplyConfig=true
 1  export_import_002 - Export and run import with ApplyConfig=false
 1  deleteAllRetained0 - Delete any RETAINed messages, error if any exist
 1  cli_security_test_001 - send test data to topic
 1  bridge.SimpleA1EventStreams - Test Simple Pub-Fwd-Recv through Bridge  bridge_tests/plain/ism-Bridge-Plain01.sh
 1  MqttXrscadaTest15 - SDP_PROTOCOL_PACKED
 1  Clear any retained messages before running JMS Wildcard tests [ mqtt_clearRetained.xml ]

==========================================================================================================================================
================================================== Summary of Individual Test Runs =======================================================
==========================================================================================================================================
ismClient           A1TF7cciCOR02d A2TF7cciCOR03d M1TF7fvt07d M2TF7fvt08d                           Passed: 48    Failed: 0
ismClient           A1TF7cciCOD02d A2TF7cciCOD03d M1TF7fvt05d M2TF7fvt06d                           Passed: 137   Failed: 2
  "HA_mqtt_td_tests" FAILED:
      FAILED: Scenario 1 - testmqtt_HA05 - Test admin objects are properly rolled over [ testmqtt_HA05.xml ]
      FAILED: runScenarios - mqtt HAScenarios03: Server stopped running during execution.

ismClient           A1TF7cciCOD01d A2TF7cciCOD09d A3TF7cciCOD10d A4TF7cciCOD11d M1TF7fvt01d M2TF7fvt02d B1TF7bridge01d B2TF7bridge02d P1TF7proxy01d P2TF7proxy02d Passed: 356   Failed: 8
  "BRIDGE_bridge_tests" FAILED:
      FAILED: Scenario 5 - bridgePx.MaxFWDTopics - Test Max Forwarder Topics Bridge   bridge_tests/proxy/ism-Bridge-Proxy01.sh
  "BRIDGE_bridge_tests" FAILED:
      FAILED: Scenario 5 - bridgePx.MaxFWDTopics - Test Max Forwarder Topics Bridge   bridge_tests/proxy/ism-Bridge-Proxy01.sh
      FAILED: Scenario 1 - bridge.SimpleA1EventStreams - Test Simple Pub-Fwd-Recv through Bridge  bridge_tests/plain/ism-Bridge-Plain01.sh
  "proxy_tests" FAILED:
      FAILED: Scenario 1 - MqttXrscadaTest15 - SDP_PROTOCOL_PACKED
      FAILED: Scenario 5 - proxyACL_ErrorPath - Error Paths of AClfile  +AAAgateway+/+ism-AAAgateway01.sh
      FAILED: Scenario 3 - testproxy_tls03_MqttsEpStore - Test ability to connect to Proxy TLS port [ testproxy_tls03_MqttsEpStore.xml ]
      FAILED: Scenario 20 - testproxy_mqttV5_gvt03 - Test ability to connect with GVT characters in user/password [ testproxy_mqttV5_gvt03.xml ]
      FAILED: Scenario 2 - testproxy_mqttv5connect01 - Test MQTT/WebSocket connect to an IP address and port  +mqttv5_connect+/+ism-proxy_td-mqttv5_connect-01.sh

ismClient           A1TF7cciCOD04d A2TF7cciCOD05d A3TF7cciCOD06d A4TF7cciCOD07d A5TF7cciCOD08d M1TF7fvt09d M2TF7fvt10d Passed: 171   Failed: 0
ismClient           A1TF7cciCOR01d M1TF7fvt03d M2TF7fvt04d P1TF7proxy03d                            Passed: 869   Failed: 26
  "IBMjava80_jms_td_tests" FAILED:
      FAILED: Scenario 18 - jms_oauth_010_truststore - Test 10 - OAuth Test 10 with TrustStore set
  "IBMjava80_mqtt_td_tests" FAILED:
      FAILED: Scenario 1 - testmqtt_gvt01 - Test ability use GVT characters in topic and ClientID [ testmqtt_gvt01.xml ]
      FAILED: Scenario 2 - testmqtt_gvt03 - Test ability to connect with GVT characters in user/password [ testmqtt_gvt03.xml ]
      FAILED: Scenario 4 - testmqtt_gvt06 - Test ability to connect with GVT characters E3 in user/password [ testmqtt_gvt06.xml ]
      FAILED: Scenario 5 - testmqtt_gvt02 - Test ability to connect over an SSL connection [ testmqtt_gvt02.xml ]
      FAILED: Scenario 19 - testmqtt_NDS_04_MixedQoS - Non-Durable Shared Subscription at QoS=0, Busy test with lots of Disconnects and no unsubscribes 
      FAILED: Scenario 2 - ssl/testmqtt_ssl05 - Test MQTT/WebSocket CommonName usage
      FAILED: Scenario 3 - ssl/testmqtt_ssl06 - Test MQTT/WebSocket CommonName usage
      FAILED: Scenario 4 - ssl/testmqtt_ssl07 - Test MQTT/WebSocket CommonName usage
      FAILED: Scenario 5 - ssl/testmqtt_ssl08 - Test MQTT/WebSocket CommonName usage in ClientID on ConnectionPolicy with asterisk character
      FAILED: Scenario 6 - ssl/testmqtt_ssl09a - Test MQTT/WebSocket CommonName usage in ClientID on ConnectionPolicy with asterisk character
      FAILED: Scenario 7 - ssl/testmqtt_ssl09b - Test MQTT/WebSocket CommonName usage in ClientID on ConnectionPolicy with asterisk character
      FAILED: Scenario 0 - deleteAllRetained0 - Delete any RETAINed messages, error if any exist
  "IBMjava80_jms_mqtt_td_tests" FAILED:
      FAILED: Scenario 0 - jms_mqtt_001 JMS to MQTT - Test 1 with Unicode Topic Name and RETAINED. [ jms_mqtt_001.xml ]
      FAILED: Scenario 12 - Clear any retained messages before running JMS Wildcard tests [ mqtt_clearRetained.xml ]
  "plugin_tests" FAILED:
      FAILED: Scenario 0 - testplugin_subscribe01 - Test MQTT/WebSocket subscribe to *#*
      FAILED: Scenario 12 - testplugin_subscribe14 - Test MQTT/WebSocket subscribe to long topic (<32767 characters)
  "ws_mqtt_js_tests" FAILED:
      FAILED: Scenario 15 - jsclient_pubsub_17_b - Test retained
      FAILED: Scenario 16 - jsclient_pubsub_18_b - Retained message is not the last message
      FAILED: Scenario 2 - jsclient_gvt_2_b - GVT: Topic name test
      FAILED: Scenario 3 - jsclient_gvt_3_b - GVT: userName and password test
      FAILED: Scenario 4 - jsclient_gvt_4_b - GVT: Will Topic and Message test
  "cli_tests" FAILED:
      FAILED: Scenario 2 - cli_security_test_001 - send test data to topic
      FAILED: Scenario 2 - export_import_002 - Export and run import with ApplyConfig=false
      FAILED: Scenario 3 - export_import_003 - Export, Reset Config and run import with ApplyConfig=true
      FAILED: Scenario 4 - export_import_Cleanup_001 - Use Cleanup to verify that import got configuration correct

