
IMA Automated Framework Summary Report
==========================================================================================================================================
Build Type:       development
Server Release:   IMADev @ 20191213-1800
Proxy Release:    IMADev @ 20191213-1800
Client Release:   IMADev @ 20191213-1800
Test Release:     IMADev @ 20191213-1800
Test Group:       fvt_request
Total Time:       04:30:00

Total Results:    Passed:    71   Failed:     1   Success:  98.61%
                  (RC!=0 for some tests, check individual results for details)

Platform Results:
-------------------
CCI_CENTOS_RPM:       Passed:    71   Failed:     1   Success:  98.61%

Individual Results:
-------------------
WS:                   Passed:    71   Failed:     1   Success:  98.61%

==========================================================================================================================================
=========================================== Summary of Failures by Number of Occurrences =================================================
==========================================================================================================================================
 1  RC=1

==========================================================================================================================================
================================================== Summary of Individual Test Runs =======================================================
==========================================================================================================================================
ismClient           A1AFcciCOR01d M1AFfvt03d M2AFfvt04d P1AFproxy03d                                Passed: 71    Failed: 1
  "ws_mqtt_js_tests" FAILED:
      FAILED: Scenario  -  RC=1

(RC!=0 for some tests, check individual results for details)
