
IMA Automated Framework Summary Report
==========================================================================================================================================
Build Type:       production
Server Release:   IMAProd @ 20200713-0514
Proxy Release:    IMAProd @ 20200713-0514
Client Release:   IMAProd @ 20200713-0514
Test Release:     IMAProd @ 20200713-0514
Test Group:       bvt
Total Time:       00:26:28

Total Results:    Passed:    20   Failed:     0   Success: 100.00%
                   

Platform Results:
-------------------
CCI_CENTOS_DOCKER:    Passed:    20   Failed:     0   Success: 100.00%

Individual Results:
-------------------
JMS:                  Passed:    10   Failed:     0   Success: 100.00%
MQTT:                 Passed:    10   Failed:     0   Success: 100.00%

==========================================================================================================================================
================================================== Summary of Individual Test Runs =======================================================
==========================================================================================================================================
ismClient           A1AFMGbvtCOD10a A2AFMGbvtCOD10b M1AFMGbvt10                                     Passed: 20    Failed: 0
