
IMA Automated Framework Summary Report
==========================================================================================================================================
Build Type:       production
Server Release:   IMAProd @ 20191003-0524
Proxy Release:    IMAProd @ 20191003-0524
Client Release:   IMAProd @ 20191003-0524
Test Release:     IMAProd @ 20191003-0524
Test Group:       svt_prod
Total Time:       16:05:33

Total Results:    Passed:   259   Failed:    26   Success:  90.88%
                  (RC!=0 for some tests, check individual results for details)

Platform Results:
-------------------
CCI_CENTOS_DOCKER:    Passed:   259   Failed:    26   Success:  90.88%

Individual Results:
-------------------
MQTT:                 Passed:   213   Failed:    26   Success:  89.12%
MQ_CONN:              Passed:    46   Failed:     0   Success: 100.00%

==========================================================================================================================================
=========================================== Summary of Failures by Number of Occurrences =================================================
==========================================================================================================================================
 4  MsgExpry Scenarios 01: 02_Core - A core file was found on A1 after running 02.*
 2  MsgExpry Scenarios 01: 16_Core - A core file was found on A9 after running 16.*
 2  MsgExpry Scenarios 01: 02_Core - A core file was found on A1 after running 02.
 1  cmqtt_10_27 - Scale MQTTv3 connection workload  - run 50 connections per client  - performing automatic cleanup for durable subscriptions from previous variation.
 1  cmqtt_10_13 - Scale MQTTv3 connection workload  - run 50 connections per client  - performing automatic cleanup for durable subscriptions from previous variation.
 1  cmqtt_10_09 - Scale MQTTv3 connection workload  - run 50 connections per client  - performing automatic cleanup for durable subscriptions from previous variation.
 1  cmqtt_10_03 - Scale MQTTv3 connection workload - setup client for 10.77.207.32
 1  cmqtt_06_19 - MQTTv3 Asynchronous C Sample Sanity Test - app:MQTTV3SSAMPLE qos:2 client certificate
 1  cmqtt_06_18 - MQTTv3 Asynchronous C Sample Sanity Test - app:MQTTV3SSAMPLE qos:2
 1  cmqtt_06_17 - MQTTv3 Asynchronous C Sample Sanity Test - app:MQTTV3AsyncSSAMPLE qos:2 client certificate
 1  cmqtt_06_16 - MQTTv3 Asynchronous C Sample Sanity Test - app:MQTTV3AsyncSSAMPLE qos:2
 1  cmqtt_06_11 - MQTTv3 Asynchronous C Sample Sanity Test - app:MQTTV3SSAMPLE qos:1 client certificate
 1  cmqtt_06_10 - MQTTv3 Asynchronous C Sample Sanity Test - app:MQTTV3SSAMPLE qos:1
 1  cmqtt_06_09 - MQTTv3 Asynchronous C Sample Sanity Test - app:MQTTV3AsyncSSAMPLE qos:1 client certificate
 1  cmqtt_06_08 - MQTTv3 Asynchronous C Sample Sanity Test - app:MQTTV3AsyncSSAMPLE qos:1
 1  cmqtt_06_03 - MQTTv3 Asynchronous C Sample Sanity Test - app:MQTTV3SSAMPLE qos:0 client certificate
 1  cmqtt_06_02 - MQTTv3 Asynchronous C Sample Sanity Test - app:MQTTV3SSAMPLE qos:0
 1  cmqtt_06_01 - MQTTv3 Asynchronous C Sample Sanity Test - app:MQTTV3AsyncSSAMPLE qos:0 client certificate
 1  cmqtt_06_00 - MQTTv3 Asynchronous C Sample Sanity Test - app:MQTTV3AsyncSSAMPLE qos:0
 1  atelm_03_00 - JMS Vehicles, 6000 Car Run
 1  MsgExpry Scenarios 01: 16_Core - A core file was found on A9 after running 16.

==========================================================================================================================================
================================================== Summary of Individual Test Runs =======================================================
==========================================================================================================================================
ismClient           A1AFsvtCOD01 A2AFsvtCOD02 A3AFsvtCOD03 A4AFsvtCOD04 A5AFsvtCOD05 A6AFsvtCOD06 A7AFsvtCOD07 A8AFsvtCOD08 A9AFsvtCOD09 A10AFsvtCOD10 M1AFsvt01 M2AFsvt02 M3AFsvt03 M4AFsvt04 M5AFsvt05 M6AFsvt06 Passed: 259   Failed: 26
  "IBMjava80_svt_atelm" FAILED:
      FAILED: Scenario 0 - atelm_03_00 - JMS Vehicles, 6000 Car Run
  "IBMjava80_svt_cluster" FAILED:
      + echolog *FAILED: runScenarios - MsgExpry Scenarios 01: 02_Core - A core file was found on A1 after running 02.*
      + echo *FAILED: runScenarios - MsgExpry Scenarios 01: 02_Core - A core file was found on A1 after running 02.*
      FAILED: runScenarios - MsgExpry Scenarios 01: 02_Core - A core file was found on A1 after running 02.
      + echolog *FAILED: runScenarios - MsgExpry Scenarios 01: 02_Core - A core file was found on A1 after running 02.*
      + echo *FAILED: runScenarios - MsgExpry Scenarios 01: 02_Core - A core file was found on A1 after running 02.*
      FAILED: runScenarios - MsgExpry Scenarios 01: 02_Core - A core file was found on A1 after running 02.
      + echolog *FAILED: runScenarios - MsgExpry Scenarios 01: 16_Core - A core file was found on A9 after running 16.*
      + echo *FAILED: runScenarios - MsgExpry Scenarios 01: 16_Core - A core file was found on A9 after running 16.*
      FAILED: runScenarios - MsgExpry Scenarios 01: 16_Core - A core file was found on A9 after running 16.
  "C_svt_cmqtt" FAILED:
      FAILED: Scenario 0 - cmqtt_06_00 - MQTTv3 Asynchronous C Sample Sanity Test - app:MQTTV3AsyncSSAMPLE qos:0
      FAILED: Scenario 1 - cmqtt_06_01 - MQTTv3 Asynchronous C Sample Sanity Test - app:MQTTV3AsyncSSAMPLE qos:0 client certificate
      FAILED: Scenario 2 - cmqtt_06_02 - MQTTv3 Asynchronous C Sample Sanity Test - app:MQTTV3SSAMPLE qos:0
      FAILED: Scenario 3 - cmqtt_06_03 - MQTTv3 Asynchronous C Sample Sanity Test - app:MQTTV3SSAMPLE qos:0 client certificate
      FAILED: Scenario 8 - cmqtt_06_08 - MQTTv3 Asynchronous C Sample Sanity Test - app:MQTTV3AsyncSSAMPLE qos:1
      FAILED: Scenario 9 - cmqtt_06_09 - MQTTv3 Asynchronous C Sample Sanity Test - app:MQTTV3AsyncSSAMPLE qos:1 client certificate
      FAILED: Scenario 10 - cmqtt_06_10 - MQTTv3 Asynchronous C Sample Sanity Test - app:MQTTV3SSAMPLE qos:1
      FAILED: Scenario 11 - cmqtt_06_11 - MQTTv3 Asynchronous C Sample Sanity Test - app:MQTTV3SSAMPLE qos:1 client certificate
      FAILED: Scenario 16 - cmqtt_06_16 - MQTTv3 Asynchronous C Sample Sanity Test - app:MQTTV3AsyncSSAMPLE qos:2
      FAILED: Scenario 17 - cmqtt_06_17 - MQTTv3 Asynchronous C Sample Sanity Test - app:MQTTV3AsyncSSAMPLE qos:2 client certificate
      FAILED: Scenario 18 - cmqtt_06_18 - MQTTv3 Asynchronous C Sample Sanity Test - app:MQTTV3SSAMPLE qos:2
      FAILED: Scenario 19 - cmqtt_06_19 - MQTTv3 Asynchronous C Sample Sanity Test - app:MQTTV3SSAMPLE qos:2 client certificate
      FAILED: Scenario 3 - cmqtt_10_03 - Scale MQTTv3 connection workload - setup client for 10.77.207.32
      FAILED: Scenario 9 - cmqtt_10_09 - Scale MQTTv3 connection workload  - run 50 connections per client  - performing automatic cleanup for durable subscriptions from previous variation. 
      FAILED: Scenario 13 - cmqtt_10_13 - Scale MQTTv3 connection workload  - run 50 connections per client  - performing automatic cleanup for durable subscriptions from previous variation. 
      FAILED: Scenario 27 - cmqtt_10_27 - Scale MQTTv3 connection workload  - run 50 connections per client  - performing automatic cleanup for durable subscriptions from previous variation. 

(RC!=0 for some tests, check individual results for details)
